I say 1, 2, 3
Inside if (0) and after (1)
Inside if without setting as local (0) and after (0)

func_var local scoped
func_var function scoped
local_var local scoped
local_var function scoped
global_var global scoped
